// Jest Snapshot v1, https://goo.gl/fbAQLP

exports[`SplashScreen_Snapshot 1`] = `
<div
  className="splashContainer"
  data-testid="splashContainerDiv"
>
  <div
    className="logoContainer"
    data-testid="logoContainerDiv"
  >
    <div
      className="logo"
      data-testid="logoDiv"
    />
  </div>
  <div
    className="headingContainer"
    data-testid="headingContainerDiv"
  >
    <h1
      className="heading"
    />
    <h2
      className="subHeading"
    />
    <div
      className="childContainer"
    />
  </div>
</div>
`;
